<testsuites id="" name="" tests="2" failures="1" skipped="0" errors="0" time="26.284098">
<testsuite name="smoke.spec.ts" timestamp="2025-08-24T13:27:23.262Z" hostname="chromium" tests="2" failures="1" skipped="0" time="39.54" errors="0">
<testcase name="docassemble interview loads" classname="smoke.spec.ts" time="14.379">
</testcase>
<testcase name="can navigate to debtor basic info" classname="smoke.spec.ts" time="25.161">
<failure message="smoke.spec.ts:18:5 can navigate to debtor basic info" type="FAILURE">
<![CDATA[  [chromium] › smoke.spec.ts:18:5 › can navigate to debtor basic info ──────────────────────────────

    TimeoutError: page.click: Timeout 10000ms exceeded.
    Call log:
      - waiting for locator('input[value="False"]')


      36 |   
      37 |   // Amended filing - select No
    > 38 |   await page.click('input[value="False"]');
         |              ^
      39 |   await page.click('button[type="submit"]');
      40 |   await page.waitForLoadState('networkidle');
      41 |   
        at /home/alex/docassemble-BankruptcyClinic/tests/smoke.spec.ts:38:14

    attachment #1: screenshot (image/png) ──────────────────────────────────────────────────────────
    ../test-results/smoke-can-navigate-to-debtor-basic-info-chromium/test-failed-1.png
    ────────────────────────────────────────────────────────────────────────────────────────────────

    attachment #2: video (video/webm) ──────────────────────────────────────────────────────────────
    ../test-results/smoke-can-navigate-to-debtor-basic-info-chromium/video.webm
    ────────────────────────────────────────────────────────────────────────────────────────────────

    Error Context: ../test-results/smoke-can-navigate-to-debtor-basic-info-chromium/error-context.md
]]>
</failure>
<system-out>
<![CDATA[
[[ATTACHMENT|smoke-can-navigate-to-debtor-basic-info-chromium/test-failed-1.png]]

[[ATTACHMENT|smoke-can-navigate-to-debtor-basic-info-chromium/video.webm]]

[[ATTACHMENT|smoke-can-navigate-to-debtor-basic-info-chromium/error-context.md]]
]]>
</system-out>
</testcase>
</testsuite>
</testsuites>